STRUCTURE Accident END


STRUCTURE LifeAssured END



-- "Calculates how much the life assured can get for their claim"
FUNCTION //eventual type signature
payout (life_assured, accident) = 0
END



-- "Checks if the life assured is eligible for a payout."
GIVEN (x)
DECIDE `is eligible for a payout`
IF True

DEFINE x = {| |}

@REPORT x `is eligible for a payout`